// Jest Snapshot v1, https://goo.gl/fbAQLP

exports[`<Icon /> with default props shoud match snapshot with default props 1`] = `
<Icon
  className=""
  color=""
  name="cart"
  size=""
>
  <FiShoppingBag
    className=""
    color=""
    name="cart"
    size=""
  >
    <IconBase
      attr={
        Object {
          "fill": "none",
          "stroke": "currentColor",
          "strokeLinecap": "round",
          "strokeLinejoin": "round",
          "strokeWidth": "2",
          "viewBox": "0 0 24 24",
        }
      }
      className=""
      color=""
      name="cart"
      size=""
    >
      <svg
        color=""
        fill="none"
        height="1em"
        name="cart"
        size=""
        stroke="currentColor"
        strokeLinecap="round"
        strokeLinejoin="round"
        strokeWidth="2"
        style={
          Object {
            "color": undefined,
          }
        }
        viewBox="0 0 24 24"
        width="1em"
        xmlns="http://www.w3.org/2000/svg"
      >
        <path
          d="M6 2L3 6v14a2 2 0 0 0 2 2h14a2 2 0 0 0 2-2V6l-3-4z"
          key="0"
        />
        <line
          key="1"
          x1="3"
          x2="21"
          y1="6"
          y2="6"
        />
        <path
          d="M16 10a4 4 0 0 1-8 0"
          key="2"
        />
      </svg>
    </IconBase>
  </FiShoppingBag>
</Icon>
`;
