// Jest Snapshot v1, https://goo.gl/fbAQLP

exports[`theme should return correctly 1`] = `
Object {
  "dark": "#000",
  "gray": "#eee",
  "light": "#fff",
  "primary": "#E56A54",
  "secondary": "#92BFB1",
}
`;

exports[`theme should return correctly 2`] = `
Object {
  "all": 0,
  "desktop": 1200,
  "mobile": 320,
  "tablet": 768,
}
`;
